# Step 5: Examine the Filesystem
## Full Filesystem Information
### Disk Image: 20260328_server.E01

```text
FILE SYSTEM INFORMATION
--------------------------------------------
File System Type: Ext4
Volume Name: 
Volume ID: debdc2f65da1d2b7a349816e27a1270f

Last Written at: 2026-03-23 13:19:46 (CET)
Last Checked at: 2026-03-23 13:02:13 (CET)

Last Mounted at: 2026-03-23 13:19:49 (CET)
Unmounted properly
Last mounted on: /

Source OS: Linux
Dynamic Structure
Compat Features: Journal, Ext Attributes, Resize Inode, Dir Index
InCompat Features: Filetype, Needs Recovery, Extents, 64bit, Flexible Block Groups, 
Read Only Compat Features: Sparse Super, Large File, Huge File, Extra Inode Size

Journal ID: 00
Journal Inode: 8

METADATA INFORMATION
--------------------------------------------
Inode Range: 1 - 250481
Root Directory: 2
Free Inodes: 211547
Inode Size: 256

CONTENT INFORMATION
--------------------------------------------
Block Groups Per Flex Group: 16
Block Range: 0 - 1000703
Block Size: 4096
Free Blocks: 676480

BLOCK GROUP INFORMATION
--------------------------------------------
Number of Block Groups: 31
Inodes per group: 8080
Blocks per group: 32768

Group: 0:
  Block Group Flags: [INODE_ZEROED] 
  Inode Range: 1 - 8080
  Block Range: 0 - 32767
  Layout:
    Super Block: 0 - 0
    Group Descriptor Table: 1 - 1
    Group Descriptor Growth Blocks: 2 - 489
    Data bitmap: 490 - 490
    Inode bitmap: 506 - 506
    Inode Table: 522 - 1026
    Data Blocks: 8602 - 32767
  Free Inodes: 0 (0%)
  Free Blocks: 17625 (53%)
  Total Directories: 972
  Stored Checksum: 0x877C

Group: 1:
  Block Group Flags: [INODE_ZEROED] 
  Inode Range: 8081 - 16160
  Block Range: 32768 - 65535
  Layout:
    Super Block: 32768 - 32768
    Group Descriptor Table: 32769 - 32769
    Group Descriptor Growth Blocks: 32770 - 33257
    Data bitmap: 491 - 491
    Inode bitmap: 507 - 507
    Inode Table: 1027 - 1531
    Data Blocks: 33258 - 65535
  Free Inodes: 0 (0%)
  Free Blocks: 8424 (25%)
  Total Directories: 1137
  Stored Checksum: 0x10B9

Group: 2:
  Block Group Flags: [INODE_ZEROED] 
  Inode Range: 16161 - 24240
  Block Range: 65536 - 98303
  Layout:
    Data bitmap: 492 - 492
    Inode bitmap: 508 - 508
    Inode Table: 1532 - 2036
    Data Blocks: 65536 - 98303
  Free Inodes: 0 (0%)
  Free Blocks: 9104 (27%)
  Total Directories: 1116
  Stored Checksum: 0x0DB8

Group: 3:
  Block Group Flags: [INODE_ZEROED] 
  Inode Range: 24241 - 32320
  Block Range: 98304 - 131071
  Layout:
    Super Block: 98304 - 98304
    Group Descriptor Table: 98305 - 98305
    Group Descriptor Growth Blocks: 98306 - 98793
    Data bitmap: 493 - 493
    Inode bitmap: 509 - 509
    Inode Table: 2037 - 2541
    Data Blocks: 98794 - 131071
  Free Inodes: 0 (0%)
  Free Blocks: 3616 (11%)
  Total Directories: 424
  Stored Checksum: 0x16B3

Group: 4:
  Block Group Flags: [INODE_ZEROED] 
  Inode Range: 32321 - 40400
  Block Range: 131072 - 163839
  Layout:
    Data bitmap: 494 - 494
    Inode bitmap: 510 - 510
    Inode Table: 2542 - 3046
    Data Blocks: 131072 - 163839
  Free Inodes: 1713 (21%)
  Free Blocks: 12951 (39%)
  Total Directories: 315
  Stored Checksum: 0x19CD

Group: 5:
  Block Group Flags: [INODE_UNINIT, INODE_ZEROED] 
  Inode Range: 40401 - 48480
  Block Range: 163840 - 196607
  Layout:
    Super Block: 163840 - 163840
    Group Descriptor Table: 163841 - 163841
    Group Descriptor Growth Blocks: 163842 - 164329
    Data bitmap: 495 - 495
    Inode bitmap: 511 - 511
    Inode Table: 3047 - 3551
    Data Blocks: 164330 - 196607
  Free Inodes: 8080 (100%)
  Free Blocks: 15760 (48%)
  Total Directories: 0
  Stored Checksum: 0xAA60

Group: 6:
  Block Group Flags: [INODE_UNINIT, INODE_ZEROED] 
  Inode Range: 48481 - 56560
  Block Range: 196608 - 229375
  Layout:
    Data bitmap: 496 - 496
    Inode bitmap: 512 - 512
    Inode Table: 3552 - 4056
    Data Blocks: 196608 - 229375
  Free Inodes: 8080 (100%)
  Free Blocks: 17395 (53%)
  Total Directories: 0
  Stored Checksum: 0x7148

Group: 7:
  Block Group Flags: [INODE_UNINIT, INODE_ZEROED] 
  Inode Range: 56561 - 64640
  Block Range: 229376 - 262143
  Layout:
    Super Block: 229376 - 229376
    Group Descriptor Table: 229377 - 229377
    Group Descriptor Growth Blocks: 229378 - 229865
    Data bitmap: 497 - 497
    Inode bitmap: 513 - 513
    Inode Table: 4057 - 4561
    Data Blocks: 229866 - 262143
  Free Inodes: 8080 (100%)
  Free Blocks: 3113 (9%)
  Total Directories: 0
  Stored Checksum: 0x466F

Group: 8:
  Block Group Flags: [INODE_UNINIT, INODE_ZEROED] 
  Inode Range: 64641 - 72720
  Block Range: 262144 - 294911
  Layout:
    Data bitmap: 498 - 498
    Inode bitmap: 514 - 514
    Inode Table: 4562 - 5066
    Data Blocks: 262144 - 294911
  Free Inodes: 8080 (100%)
  Free Blocks: 3906 (11%)
  Total Directories: 0
  Stored Checksum: 0xABC7

Group: 9:
  Block Group Flags: [INODE_UNINIT, INODE_ZEROED] 
  Inode Range: 72721 - 80800
  Block Range: 294912 - 327679
  Layout:
    Super Block: 294912 - 294912
    Group Descriptor Table: 294913 - 294913
    Group Descriptor Growth Blocks: 294914 - 295401
    Data bitmap: 499 - 499
    Inode bitmap: 515 - 515
    Inode Table: 5067 - 5571
    Data Blocks: 295402 - 327679
  Free Inodes: 8080 (100%)
  Free Blocks: 10213 (31%)
  Total Directories: 0
  Stored Checksum: 0x7673

Group: 10:
  Block Group Flags: [INODE_UNINIT, INODE_ZEROED] 
  Inode Range: 80801 - 88880
  Block Range: 327680 - 360447
  Layout:
    Data bitmap: 500 - 500
    Inode bitmap: 516 - 516
    Inode Table: 5572 - 6076
    Data Blocks: 327680 - 360447
  Free Inodes: 8080 (100%)
  Free Blocks: 16920 (51%)
  Total Directories: 0
  Stored Checksum: 0x44BD

Group: 11:
  Block Group Flags: [INODE_UNINIT, INODE_ZEROED] 
  Inode Range: 88881 - 96960
  Block Range: 360448 - 393215
  Layout:
    Data bitmap: 501 - 501
    Inode bitmap: 517 - 517
    Inode Table: 6077 - 6581
    Data Blocks: 360448 - 393215
  Free Inodes: 8080 (100%)
  Free Blocks: 27676 (84%)
  Total Directories: 0
  Stored Checksum: 0xE670

Group: 12:
  Block Group Flags: [INODE_UNINIT, INODE_ZEROED] 
  Inode Range: 96961 - 105040
  Block Range: 393216 - 425983
  Layout:
    Data bitmap: 502 - 502
    Inode bitmap: 518 - 518
    Inode Table: 6582 - 7086
    Data Blocks: 393216 - 425983
  Free Inodes: 8080 (100%)
  Free Blocks: 28157 (85%)
  Total Directories: 0
  Stored Checksum: 0xD2E1

Group: 13:
  Block Group Flags: [INODE_UNINIT, INODE_ZEROED] 
  Inode Range: 105041 - 113120
  Block Range: 425984 - 458751
  Layout:
    Data bitmap: 503 - 503
    Inode bitmap: 519 - 519
    Inode Table: 7087 - 7591
    Data Blocks: 425984 - 458751
  Free Inodes: 8080 (100%)
  Free Blocks: 14733 (44%)
  Total Directories: 0
  Stored Checksum: 0x3EEE

Group: 14:
  Block Group Flags: [INODE_UNINIT, INODE_ZEROED] 
  Inode Range: 113121 - 121200
  Block Range: 458752 - 491519
  Layout:
    Data bitmap: 504 - 504
    Inode bitmap: 520 - 520
    Inode Table: 7592 - 8096
    Data Blocks: 458752 - 491519
  Free Inodes: 8080 (100%)
  Free Blocks: 10240 (31%)
  Total Directories: 0
  Stored Checksum: 0xAAF6

Group: 15:
  Block Group Flags: [INODE_UNINIT, INODE_ZEROED] 
  Inode Range: 121201 - 129280
  Block Range: 491520 - 524287
  Layout:
    Data bitmap: 505 - 505
    Inode bitmap: 521 - 521
    Inode Table: 8097 - 8601
    Data Blocks: 491520 - 524287
  Free Inodes: 8080 (100%)
  Free Blocks: 5082 (15%)
  Total Directories: 0
  Stored Checksum: 0xF1BB

Group: 16:
  Block Group Flags: [INODE_ZEROED] 
  Inode Range: 129281 - 137360
  Block Range: 524288 - 557055
  Layout:
    Data bitmap: 524288 - 524288
    Inode bitmap: 524303 - 524303
    Inode Table: 524318 - 524822
    Uninit Data Bitmaps: 524303 - 524303
    Uninit Inode Bitmaps: 524318 - 524318
    Uninit Inode Table: 531893 - 532397
    Data Blocks: 532400 - 557055
  Free Inodes: 5719 (70%)
  Free Blocks: 23308 (71%)
  Total Directories: 487
  Stored Checksum: 0xF951

Group: 17:
  Block Group Flags: [INODE_UNINIT, INODE_ZEROED] 
  Inode Range: 137361 - 145440
  Block Range: 557056 - 589823
  Layout:
    Data bitmap: 524289 - 524289
    Inode bitmap: 524304 - 524304
    Inode Table: 524823 - 525327
    Data Blocks: 557056 - 589823
  Free Inodes: 8080 (100%)
  Free Blocks: 23559 (71%)
  Total Directories: 0
  Stored Checksum: 0xEE7D

Group: 18:
  Block Group Flags: [INODE_UNINIT, INODE_ZEROED] 
  Inode Range: 145441 - 153520
  Block Range: 589824 - 622591
  Layout:
    Data bitmap: 524290 - 524290
    Inode bitmap: 524305 - 524305
    Inode Table: 525328 - 525832
    Data Blocks: 589824 - 622591
  Free Inodes: 8080 (100%)
  Free Blocks: 31130 (95%)
  Total Directories: 0
  Stored Checksum: 0x706F

Group: 19:
  Block Group Flags: [INODE_UNINIT, BLOCK_UNINIT, INODE_ZEROED] 
  Inode Range: 153521 - 161600
  Block Range: 622592 - 655359
  Layout:
    Data bitmap: 524291 - 524291
    Inode bitmap: 524306 - 524306
    Inode Table: 525833 - 526337
    Data Blocks: 622592 - 655359
  Free Inodes: 8080 (100%)
  Free Blocks: 32768 (100%)
  Total Directories: 0
  Stored Checksum: 0x75FD

Group: 20:
  Block Group Flags: [INODE_UNINIT, BLOCK_UNINIT, INODE_ZEROED] 
  Inode Range: 161601 - 169680
  Block Range: 655360 - 688127
  Layout:
    Data bitmap: 524292 - 524292
    Inode bitmap: 524307 - 524307
    Inode Table: 526338 - 526842
    Data Blocks: 655360 - 688127
  Free Inodes: 8080 (100%)
  Free Blocks: 32768 (100%)
  Total Directories: 0
  Stored Checksum: 0x3FE9

Group: 21:
  Block Group Flags: [INODE_UNINIT, BLOCK_UNINIT, INODE_ZEROED] 
  Inode Range: 169681 - 177760
  Block Range: 688128 - 720895
  Layout:
    Data bitmap: 524293 - 524293
    Inode bitmap: 524308 - 524308
    Inode Table: 526843 - 527347
    Data Blocks: 688128 - 720895
  Free Inodes: 8080 (100%)
  Free Blocks: 32768 (100%)
  Total Directories: 0
  Stored Checksum: 0xE163

Group: 22:
  Block Group Flags: [INODE_UNINIT, BLOCK_UNINIT, INODE_ZEROED] 
  Inode Range: 177761 - 185840
  Block Range: 720896 - 753663
  Layout:
    Data bitmap: 524294 - 524294
    Inode bitmap: 524309 - 524309
    Inode Table: 527348 - 527852
    Data Blocks: 720896 - 753663
  Free Inodes: 8080 (100%)
  Free Blocks: 32768 (100%)
  Total Directories: 0
  Stored Checksum: 0xD7C5

Group: 23:
  Block Group Flags: [INODE_UNINIT, BLOCK_UNINIT, INODE_ZEROED] 
  Inode Range: 185841 - 193920
  Block Range: 753664 - 786431
  Layout:
    Data bitmap: 524295 - 524295
    Inode bitmap: 524310 - 524310
    Inode Table: 527853 - 528357
    Data Blocks: 753664 - 786431
  Free Inodes: 8080 (100%)
  Free Blocks: 32768 (100%)
  Total Directories: 0
  Stored Checksum: 0xE23E

Group: 24:
  Block Group Flags: [INODE_UNINIT, BLOCK_UNINIT, INODE_ZEROED] 
  Inode Range: 193921 - 202000
  Block Range: 786432 - 819199
  Layout:
    Data bitmap: 524296 - 524296
    Inode bitmap: 524311 - 524311
    Inode Table: 528358 - 528862
    Data Blocks: 786432 - 819199
  Free Inodes: 8080 (100%)
  Free Blocks: 32768 (100%)
  Total Directories: 0
  Stored Checksum: 0xD654

Group: 25:
  Block Group Flags: [INODE_UNINIT, INODE_ZEROED] 
  Inode Range: 202001 - 210080
  Block Range: 819200 - 851967
  Layout:
    Super Block: 819200 - 819200
    Group Descriptor Table: 819201 - 819201
    Group Descriptor Growth Blocks: 819202 - 819689
    Data bitmap: 524297 - 524297
    Inode bitmap: 524312 - 524312
    Inode Table: 528863 - 529367
    Data Blocks: 819690 - 851967
  Free Inodes: 8080 (100%)
  Free Blocks: 32278 (98%)
  Total Directories: 0
  Stored Checksum: 0xD804

Group: 26:
  Block Group Flags: [INODE_UNINIT, BLOCK_UNINIT, INODE_ZEROED] 
  Inode Range: 210081 - 218160
  Block Range: 851968 - 884735
  Layout:
    Data bitmap: 524298 - 524298
    Inode bitmap: 524313 - 524313
    Inode Table: 529368 - 529872
    Data Blocks: 851968 - 884735
  Free Inodes: 8080 (100%)
  Free Blocks: 32768 (100%)
  Total Directories: 0
  Stored Checksum: 0xFBE3

Group: 27:
  Block Group Flags: [INODE_UNINIT, INODE_ZEROED] 
  Inode Range: 218161 - 226240
  Block Range: 884736 - 917503
  Layout:
    Super Block: 884736 - 884736
    Group Descriptor Table: 884737 - 884737
    Group Descriptor Growth Blocks: 884738 - 885225
    Data bitmap: 524299 - 524299
    Inode bitmap: 524314 - 524314
    Inode Table: 529873 - 530377
    Data Blocks: 885226 - 917503
  Free Inodes: 8080 (100%)
  Free Blocks: 32278 (98%)
  Total Directories: 0
  Stored Checksum: 0xF1A4

Group: 28:
  Block Group Flags: [INODE_UNINIT, BLOCK_UNINIT, INODE_ZEROED] 
  Inode Range: 226241 - 234320
  Block Range: 917504 - 950271
  Layout:
    Data bitmap: 524300 - 524300
    Inode bitmap: 524315 - 524315
    Inode Table: 530378 - 530882
    Data Blocks: 917504 - 950271
  Free Inodes: 8080 (100%)
  Free Blocks: 32768 (100%)
  Total Directories: 0
  Stored Checksum: 0x38A9

Group: 29:
  Block Group Flags: [INODE_UNINIT, BLOCK_UNINIT, INODE_ZEROED] 
  Inode Range: 234321 - 242400
  Block Range: 950272 - 983039
  Layout:
    Data bitmap: 524301 - 524301
    Inode bitmap: 524316 - 524316
    Inode Table: 530883 - 531387
    Data Blocks: 950272 - 983039
  Free Inodes: 8080 (100%)
  Free Blocks: 32768 (100%)
  Total Directories: 0
  Stored Checksum: 0xDCF0

Group: 30:
  Block Group Flags: [INODE_UNINIT, INODE_ZEROED] 
  Inode Range: 242401 - 250480
  Block Range: 983040 - 1000703
  Layout:
    Data bitmap: 524302 - 524302
    Inode bitmap: 524317 - 524317
    Inode Table: 531388 - 531892
    Data Blocks: 983040 - 1000703
  Free Inodes: 8080 (100%)
  Free Blocks: 17664 (100%)
  Total Directories: 0
  Stored Checksum: 0x7DD6
```
